(agda2-status-action "")
(agda2-info-action "*Type-checking*" "" nil)
(agda2-highlight-clear)
(agda2-highlight-add-annotations 'nil '(1 36 (comment) t) '(37 77 (comment) t) '(79 85 (keyword) t) '(86 87 (symbol) t) '(88 93 (keyword) t) '(95 99 (keyword) t) '(100 106 (keyword) t) '(126 132 (keyword) t) '(157 162 (keyword) t) '(166 172 (keyword) t) '(178 182 (keyword) t) '(185 186 (symbol) t) '(188 189 (symbol) t) '(194 195 (symbol) t) '(196 197 (symbol) t) '(199 200 (symbol) t) '(204 205 (symbol) t) '(206 207 (symbol) t) '(212 217 (keyword) t) '(226 227 (symbol) t) '(235 236 (symbol) t) '(248 254 (keyword) t) '(258 259 (symbol) t) '(261 262 (symbol) t) '(267 268 (symbol) t) '(269 270 (symbol) t) '(272 273 (symbol) t) '(277 278 (symbol) t) '(279 280 (symbol) t) '(285 290 (keyword) t) '(297 306 (keyword) t) '(313 318 (keyword) t) '(333 334 (symbol) t) '(357 358 (symbol) t) '(371 375 (keyword) t) '(386 387 (symbol) t) '(388 389 (symbol) t) '(391 392 (symbol) t) '(397 398 (symbol) t) '(402 403 (symbol) t) '(404 405 (symbol) t) '(419 420 (symbol) t) '(421 422 (symbol) t) '(426 427 (symbol) t) '(431 432 (symbol) t) '(433 434 (symbol) t) '(439 440 (symbol) t) '(448 454 (keyword) t) '(468 469 (symbol) t) '(470 471 (symbol) t) '(472 473 (symbol) t) '(474 475 (symbol) t) '(476 477 (symbol) t) '(482 483 (symbol) t) '(486 487 (symbol) t) '(500 501 (symbol) t) '(505 506 (symbol) t) '(507 508 (symbol) t) '(511 512 (symbol) t) '(521 522 (symbol) t) '(537 538 (symbol) t) '(539 540 (symbol) t) '(541 542 (symbol) t) '(543 544 (symbol) t) '(545 546 (symbol) t) '(551 552 (symbol) t) '(556 557 (symbol) t) '(570 571 (symbol) t) '(578 579 (symbol) t) '(580 581 (symbol) t) '(583 584 (symbol) t) '(585 586 (symbol) t) '(591 596 (keyword) t) '(597 606 (keyword) t) '(611 612 (symbol) t) '(633 634 (symbol) t) '(641 642 (symbol) t) '(643 644 (symbol) t) '(646 647 (symbol) t) '(648 649 (symbol) t) '(656 657 (symbol) t) '(659 660 (symbol) t) '(662 663 (symbol) t) '(664 665 (symbol) t) '(672 673 (symbol) t) '(675 697 (comment) t) '(701 741 (comment) t) '(744 801 (comment) t) '(804 844 (comment) t) '(846 903 (comment) t) '(905 911 (keyword) t) '(937 942 (keyword) t) '(944 950 (keyword) t) '(955 956 (symbol) t) '(957 958 (symbol) t) '(962 966 (keyword) t) '(969 970 (symbol) t) '(971 972 (symbol) t) '(973 974 (symbol) t) '(976 977 (symbol) t) '(983 984 (symbol) t) '(985 986 (symbol) t) '(993 998 (keyword) t) '(1005 1006 (symbol) t) '(1009 1010 (symbol) t) '(1016 1030 (comment) t) '(1034 1038 (keyword) t) '(1041 1042 (symbol) t) '(1044 1045 (symbol) t) '(1051 1052 (symbol) t) '(1053 1054 (symbol) t) '(1060 1065 (keyword) t) '(1072 1073 (symbol) t) '(1076 1077 (symbol) t) '(1083 1097 (comment) t))
(agda2-highlight-add-annotations 'nil '(79 85 (keyword) t) '(86 87 (module) nil nil ("Issue2751.agda" . 1)) '(88 93 (keyword) t) '(107 124 (module) nil nil ("agda-default-include-path/Agda/Builtin/Size.agda" . 1)) '(133 156 (module) nil nil ("Issue2751.agda" . 133)) '(183 184 (datatype) nil nil ("Issue2751.agda" . 183)) '(186 187 (bound) nil nil ("Issue2751.agda" . 186)) '(190 194 (postulate) nil nil ("agda-default-include-path/Agda/Builtin/Size.agda" . 206)) '(197 198 (bound) nil nil ("Issue2751.agda" . 197)) '(201 204 (primitive) nil nil ("agda-default-include-path/Agda/Primitive.agda" . 326)) '(208 211 (primitive) nil nil ("agda-default-include-path/Agda/Primitive.agda" . 326)) '(224 225 (inductiveconstructor) nil nil ("Issue2751.agda" . 224)) '(228 230 (record) nil nil ("Issue2751.agda" . 255)) '(231 232 (bound) nil nil ("Issue2751.agda" . 186)) '(233 234 (bound) nil nil ("Issue2751.agda" . 197)) '(237 238 (datatype) nil nil ("Issue2751.agda" . 183)) '(239 240 (bound) nil nil ("Issue2751.agda" . 186)) '(241 242 (bound) nil nil ("Issue2751.agda" . 197)) '(255 257 (record) nil nil ("Issue2751.agda" . 255)) '(259 260 (bound) nil nil ("Issue2751.agda" . 259)) '(263 267 (postulate) nil nil ("agda-default-include-path/Agda/Builtin/Size.agda" . 206)) '(270 271 (bound) nil nil ("Issue2751.agda" . 270)) '(274 277 (primitive) nil nil ("agda-default-include-path/Agda/Primitive.agda" . 326)) '(281 284 (primitive) nil nil ("agda-default-include-path/Agda/Primitive.agda" . 326)) '(327 331 (field) nil nil ("Issue2751.agda" . 327)) '(335 340 (postulate operator) nil nil ("agda-default-include-path/Agda/Builtin/Size.agda" . 238)) '(341 342 (bound) nil nil ("Issue2751.agda" . 259)) '(351 356 (field) nil nil ("Issue2751.agda" . 351)) '(359 360 (datatype) nil nil ("Issue2751.agda" . 183)) '(361 365 (field) nil nil ("Issue2751.agda" . 327)) '(366 367 (bound) nil nil ("Issue2751.agda" . 270)) '(376 378 (module) nil nil ("Issue2751.agda" . 255)) '(382 385 (function) nil nil ("Issue2751.agda" . 382)) '(389 390 (bound) nil nil ("Issue2751.agda" . 389)) '(393 396 (primitive) nil nil ("agda-default-include-path/Agda/Primitive.agda" . 326)) '(399 402 (primitive) nil nil ("agda-default-include-path/Agda/Primitive.agda" . 326)) '(406 410 (primitive) nil nil ("agda-default-include-path/Agda/Primitive.agda" . 326)) '(413 416 (function) nil nil ("Issue2751.agda" . 382)) '(417 418 (bound) nil nil ("Issue2751.agda" . 417)) '(422 423 (bound) nil nil ("Issue2751.agda" . 422)) '(424 425 (bound) nil nil ("Issue2751.agda" . 424)) '(428 431 (primitive) nil nil ("agda-default-include-path/Agda/Primitive.agda" . 326)) '(435 436 (bound) nil nil ("Issue2751.agda" . 417)) '(437 438 (bound) nil nil ("Issue2751.agda" . 422)) '(441 442 (bound) nil nil ("Issue2751.agda" . 417)) '(443 444 (bound) nil nil ("Issue2751.agda" . 424)) '(462 467 (function) nil nil ("Issue2751.agda" . 462)) '(473 474 (bound) nil nil ("Issue2751.agda" . 473)) '(478 481 (function) nil nil ("Issue2751.agda" . 382)) '(483 484 (datatype) nil nil ("Issue2751.agda" . 183)) '(485 486 (bound) nil nil ("Issue2751.agda" . 473)) '(494 499 (function) nil nil ("Issue2751.agda" . 462)) '(501 502 (inductiveconstructor) nil nil ("Issue2751.agda" . 224)) '(503 505 (bound) nil nil ("Issue2751.agda" . 503)) '(509 510 (inductiveconstructor) nil nil ("Issue2751.agda" . 224)) '(512 518 (function) nil nil ("Issue2751.agda" . 530)) '(519 521 (bound) nil nil ("Issue2751.agda" . 503)) '(530 536 (function) nil nil ("Issue2751.agda" . 530)) '(542 543 (bound) nil nil ("Issue2751.agda" . 542)) '(547 550 (function) nil nil ("Issue2751.agda" . 382)) '(552 554 (record) nil nil ("Issue2751.agda" . 255)) '(555 556 (bound) nil nil ("Issue2751.agda" . 542)) '(564 568 (field) nil nil ("Issue2751.agda" . 327)) '(571 577 (function) nil nil ("Issue2751.agda" . 530)) '(579 580 (bound) nil nil ("Issue2751.agda" . 579)) '(582 583 (bound) nil nil ("Issue2751.agda" . 582)) '(587 590 (postulate) nil nil ("Issue2751.agda" . 607)) '(607 610 (postulate) nil nil ("Issue2751.agda" . 607)) '(613 618 (postulate operator) nil nil ("agda-default-include-path/Agda/Builtin/Size.agda" . 238)) '(619 620 (bound) nil nil ("Issue2751.agda" . 579)) '(627 632 (field) nil nil ("Issue2751.agda" . 351)) '(634 640 (function) nil nil ("Issue2751.agda" . 530)) '(642 643 (bound) nil nil ("Issue2751.agda" . 642)) '(645 646 (bound) nil nil ("Issue2751.agda" . 645)) '(650 655 (function) nil nil ("Issue2751.agda" . 462)) '(657 658 (argument)) '(661 662 (bound) nil nil ("Issue2751.agda" . 642)) '(665 670 (field) nil nil ("Issue2751.agda" . 351)) '(671 672 (bound) nil nil ("Issue2751.agda" . 645)) '(912 936 (module) nil nil ("Issue2751.agda" . 912)) '(953 954 (function) nil nil ("Issue2751.agda" . 953)) '(967 968 (datatype) nil nil ("Issue2751.agda" . 967)) '(970 971 (bound) nil nil ("Issue2751.agda" . 970)) '(974 975 (bound) nil nil ("Issue2751.agda" . 974)) '(978 981 (primitive) nil nil ("agda-default-include-path/Agda/Primitive.agda" . 326)) '(982 983 (bound) nil nil ("Issue2751.agda" . 970)) '(987 990 (primitive) nil nil ("agda-default-include-path/Agda/Primitive.agda" . 326)) '(991 992 (function) nil nil ("Issue2751.agda" . 953)) '(1003 1004 (inductiveconstructor) nil nil ("Issue2751.agda" . 1003)) '(1007 1008 (bound) nil nil ("Issue2751.agda" . 974)) '(1011 1012 (datatype) nil nil ("Issue2751.agda" . 967)) '(1013 1014 (bound) nil nil ("Issue2751.agda" . 974)) '(1039 1040 (datatype) nil nil ("Issue2751.agda" . 1039)) '(1042 1043 (bound) nil nil ("Issue2751.agda" . 1042)) '(1046 1049 (primitive) nil nil ("agda-default-include-path/Agda/Primitive.agda" . 326)) '(1050 1051 (function) nil nil ("Issue2751.agda" . 953)) '(1055 1059 (primitive) nil nil ("agda-default-include-path/Agda/Primitive.agda" . 326)) '(1070 1071 (inductiveconstructor) nil nil ("Issue2751.agda" . 1070)) '(1074 1075 (bound) nil nil ("Issue2751.agda" . 1042)) '(1078 1079 (datatype) nil nil ("Issue2751.agda" . 1039)) '(1080 1081 (bound) nil nil ("Issue2751.agda" . 1042)))
(agda2-highlight-add-annotations 'nil '(95 99 (keyword) t) '(100 106 (keyword) t) '(107 124 (module) nil nil ("agda-default-include-path/Agda/Builtin/Size.agda" . 1)))
(agda2-highlight-add-annotations 'nil '(183 184 (datatype) nil nil ("Issue2751.agda" . 183)) '(185 186 (symbol) t) '(186 187 (bound) nil nil ("Issue2751.agda" . 186)) '(188 189 (symbol) t) '(190 194 (postulate) nil nil ("agda-default-include-path/Agda/Builtin/Size.agda" . 206)) '(194 195 (symbol) t) '(196 197 (symbol) t) '(197 198 (bound) nil nil ("Issue2751.agda" . 197)) '(199 200 (symbol) t) '(201 204 (primitive) nil nil ("agda-default-include-path/Agda/Primitive.agda" . 326)) '(204 205 (symbol) t) '(206 207 (symbol) t) '(208 211 (primitive) nil nil ("agda-default-include-path/Agda/Primitive.agda" . 326)))
(agda2-highlight-add-annotations 'nil '(255 257 (record) nil nil ("Issue2751.agda" . 255)) '(258 259 (symbol) t) '(259 260 (bound) nil nil ("Issue2751.agda" . 259)) '(261 262 (symbol) t) '(263 267 (postulate) nil nil ("agda-default-include-path/Agda/Builtin/Size.agda" . 206)) '(267 268 (symbol) t) '(269 270 (symbol) t) '(270 271 (bound) nil nil ("Issue2751.agda" . 270)) '(272 273 (symbol) t) '(274 277 (primitive) nil nil ("agda-default-include-path/Agda/Primitive.agda" . 326)) '(277 278 (symbol) t) '(279 280 (symbol) t) '(281 284 (primitive) nil nil ("agda-default-include-path/Agda/Primitive.agda" . 326)))
(agda2-highlight-add-annotations 'nil '(178 182 (keyword) t) '(183 184 (datatype) nil nil ("Issue2751.agda" . 183)) '(186 187 (bound) nil nil ("Issue2751.agda" . 186)) '(197 198 (bound) nil nil ("Issue2751.agda" . 197)) '(212 217 (keyword) t) '(224 225 (inductiveconstructor) nil nil ("Issue2751.agda" . 224)) '(226 227 (symbol) t) '(228 230 (record) nil nil ("Issue2751.agda" . 255)) '(231 232 (bound) nil nil ("Issue2751.agda" . 186)) '(233 234 (bound) nil nil ("Issue2751.agda" . 197)) '(235 236 (symbol) t) '(237 238 (datatype) nil nil ("Issue2751.agda" . 183)) '(239 240 (bound) nil nil ("Issue2751.agda" . 186)) '(241 242 (bound) nil nil ("Issue2751.agda" . 197)))
(agda2-highlight-add-annotations 'nil '(248 254 (keyword) t) '(255 257 (record) nil nil ("Issue2751.agda" . 255)) '(285 290 (keyword) t) '(297 306 (keyword) t) '(313 318 (keyword) t) '(327 331 (field) nil nil ("Issue2751.agda" . 327)) '(333 334 (symbol) t) '(335 340 (postulate operator) nil nil ("agda-default-include-path/Agda/Builtin/Size.agda" . 238)) '(341 342 (bound) nil nil ("Issue2751.agda" . 259)) '(351 356 (field) nil nil ("Issue2751.agda" . 351)) '(357 358 (symbol) t) '(359 360 (datatype) nil nil ("Issue2751.agda" . 183)) '(361 365 (field) nil nil ("Issue2751.agda" . 327)) '(366 367 (bound) nil nil ("Issue2751.agda" . 270)))
(agda2-highlight-add-annotations 'nil '(371 375 (keyword) t) '(376 378 (module) nil nil ("Issue2751.agda" . 255)))
(agda2-highlight-add-annotations 'nil '(382 385 (function) nil nil ("Issue2751.agda" . 382)) '(389 390 (bound) nil nil ("Issue2751.agda" . 389)) '(393 396 (primitive) nil nil ("agda-default-include-path/Agda/Primitive.agda" . 326)) '(399 402 (primitive) nil nil ("agda-default-include-path/Agda/Primitive.agda" . 326)) '(406 410 (primitive) nil nil ("agda-default-include-path/Agda/Primitive.agda" . 326)))
(agda2-highlight-add-annotations 'nil '(382 385 (function) nil nil ("Issue2751.agda" . 382)) '(413 416 (function) nil nil ("Issue2751.agda" . 382)) '(417 418 (bound) nil nil ("Issue2751.agda" . 417)) '(419 420 (symbol) t) '(421 422 (symbol) t) '(422 423 (bound) nil nil ("Issue2751.agda" . 422)) '(424 425 (bound) nil nil ("Issue2751.agda" . 424)) '(426 427 (symbol) t) '(428 431 (primitive) nil nil ("agda-default-include-path/Agda/Primitive.agda" . 326)) '(431 432 (symbol) t) '(433 434 (symbol) t) '(435 436 (bound) nil nil ("Issue2751.agda" . 417)) '(437 438 (bound) nil nil ("Issue2751.agda" . 422)) '(439 440 (symbol) t) '(441 442 (bound) nil nil ("Issue2751.agda" . 417)) '(443 444 (bound) nil nil ("Issue2751.agda" . 424)))
(agda2-highlight-add-annotations 'nil '(462 467 (function) nil nil ("Issue2751.agda" . 462)) '(473 474 (bound) nil nil ("Issue2751.agda" . 473)) '(478 481 (function) nil nil ("Issue2751.agda" . 382)) '(483 484 (datatype) nil nil ("Issue2751.agda" . 183)) '(485 486 (bound) nil nil ("Issue2751.agda" . 473)))
(agda2-highlight-add-annotations 'nil '(530 536 (function) nil nil ("Issue2751.agda" . 530)) '(542 543 (bound) nil nil ("Issue2751.agda" . 542)) '(547 550 (function) nil nil ("Issue2751.agda" . 382)) '(552 554 (record) nil nil ("Issue2751.agda" . 255)) '(555 556 (bound) nil nil ("Issue2751.agda" . 542)))
(agda2-highlight-add-annotations 'nil '(462 467 (function) nil nil ("Issue2751.agda" . 462)) '(494 499 (function) nil nil ("Issue2751.agda" . 462)) '(500 501 (symbol) t) '(501 502 (inductiveconstructor) nil nil ("Issue2751.agda" . 224)) '(503 505 (bound) nil nil ("Issue2751.agda" . 503)) '(505 506 (symbol) t) '(507 508 (symbol) t) '(509 510 (inductiveconstructor) nil nil ("Issue2751.agda" . 224)) '(511 512 (symbol) t) '(512 518 (function) nil nil ("Issue2751.agda" . 530)) '(519 521 (bound) nil nil ("Issue2751.agda" . 503)) '(521 522 (symbol) t))
(agda2-highlight-add-annotations 'nil '(530 536 (function) nil nil ("Issue2751.agda" . 530)) '(564 568 (field) nil nil ("Issue2751.agda" . 327)) '(570 571 (symbol) t) '(571 577 (function) nil nil ("Issue2751.agda" . 530)) '(578 579 (symbol) t) '(579 580 (bound) nil nil ("Issue2751.agda" . 579)) '(580 581 (symbol) t) '(582 583 (bound) nil nil ("Issue2751.agda" . 582)) '(583 584 (symbol) t) '(585 586 (symbol) t) '(587 590 (postulate) nil nil ("Issue2751.agda" . 607)) '(591 596 (keyword) t) '(597 606 (keyword) t) '(607 610 (postulate) nil nil ("Issue2751.agda" . 607)) '(611 612 (symbol) t) '(613 618 (postulate operator) nil nil ("agda-default-include-path/Agda/Builtin/Size.agda" . 238)) '(619 620 (bound) nil nil ("Issue2751.agda" . 579)) '(627 632 (field) nil nil ("Issue2751.agda" . 351)) '(633 634 (symbol) t) '(634 640 (function) nil nil ("Issue2751.agda" . 530)) '(641 642 (symbol) t) '(642 643 (bound) nil nil ("Issue2751.agda" . 642)) '(643 644 (symbol) t) '(645 646 (bound) nil nil ("Issue2751.agda" . 645)) '(646 647 (symbol) t) '(648 649 (symbol) t) '(650 655 (function) nil nil ("Issue2751.agda" . 462)) '(656 657 (symbol) t) '(657 658 (argument)) '(659 660 (symbol) t) '(661 662 (bound) nil nil ("Issue2751.agda" . 642)) '(662 663 (symbol) t) '(664 665 (symbol) t) '(665 670 (field) nil nil ("Issue2751.agda" . 351)) '(671 672 (bound) nil nil ("Issue2751.agda" . 645)) '(672 673 (symbol) t))
(agda2-highlight-add-annotations 'nil '(126 132 (keyword) t) '(133 156 (module) nil nil ("Issue2751.agda" . 133)) '(157 162 (keyword) t) '(166 172 (keyword) t) '(386 387 (symbol) t) '(388 389 (symbol) t) '(391 392 (symbol) t) '(397 398 (symbol) t) '(402 403 (symbol) t) '(404 405 (symbol) t) '(448 454 (keyword) t) '(468 469 (symbol) t) '(470 471 (symbol) t) '(472 473 (symbol) t) '(474 475 (symbol) t) '(476 477 (symbol) t) '(482 483 (symbol) t) '(486 487 (symbol) t) '(537 538 (symbol) t) '(539 540 (symbol) t) '(541 542 (symbol) t) '(543 544 (symbol) t) '(545 546 (symbol) t) '(551 552 (symbol) t) '(556 557 (symbol) t) '(564 568 (field) nil nil ("Issue2751.agda" . 327)) '(627 632 (field) nil nil ("Issue2751.agda" . 351)))
(agda2-highlight-add-annotations 'nil '(905 911 (keyword) t) '(912 936 (module) nil nil ("Issue2751.agda" . 912)) '(937 942 (keyword) t))
(agda2-highlight-add-annotations 'nil '(953 954 (function) nil nil ("Issue2751.agda" . 953)))
(agda2-highlight-add-annotations 'nil '(967 968 (datatype) nil nil ("Issue2751.agda" . 967)) '(969 970 (symbol) t) '(970 971 (bound) nil nil ("Issue2751.agda" . 970)) '(971 972 (symbol) t) '(973 974 (symbol) t) '(974 975 (bound) nil nil ("Issue2751.agda" . 974)) '(976 977 (symbol) t) '(978 981 (primitive) nil nil ("agda-default-include-path/Agda/Primitive.agda" . 326)) '(982 983 (bound) nil nil ("Issue2751.agda" . 970)) '(983 984 (symbol) t) '(985 986 (symbol) t) '(987 990 (primitive) nil nil ("agda-default-include-path/Agda/Primitive.agda" . 326)) '(991 992 (function) nil nil ("Issue2751.agda" . 953)))
(agda2-highlight-add-annotations 'nil '(1039 1040 (datatype) nil nil ("Issue2751.agda" . 1039)) '(1041 1042 (symbol) t) '(1042 1043 (bound) nil nil ("Issue2751.agda" . 1042)) '(1044 1045 (symbol) t) '(1046 1049 (primitive) nil nil ("agda-default-include-path/Agda/Primitive.agda" . 326)) '(1050 1051 (function) nil nil ("Issue2751.agda" . 953)) '(1051 1052 (symbol) t) '(1053 1054 (symbol) t) '(1055 1059 (primitive) nil nil ("agda-default-include-path/Agda/Primitive.agda" . 326)))
(agda2-highlight-add-annotations 'nil '(953 954 (function) nil nil ("Issue2751.agda" . 953)) '(955 956 (symbol) t) '(957 958 (symbol) t))
(agda2-highlight-add-annotations 'nil '(962 966 (keyword) t) '(967 968 (datatype) nil nil ("Issue2751.agda" . 967)) '(970 971 (bound) nil nil ("Issue2751.agda" . 970)) '(974 975 (bound) nil nil ("Issue2751.agda" . 974)) '(993 998 (keyword) t) '(1003 1004 (inductiveconstructor) nil nil ("Issue2751.agda" . 1003)) '(1005 1006 (symbol) t) '(1007 1008 (bound) nil nil ("Issue2751.agda" . 974)) '(1009 1010 (symbol) t) '(1011 1012 (datatype) nil nil ("Issue2751.agda" . 967)) '(1013 1014 (bound) nil nil ("Issue2751.agda" . 974)))
(agda2-highlight-add-annotations 'nil '(1034 1038 (keyword) t) '(1039 1040 (datatype) nil nil ("Issue2751.agda" . 1039)) '(1042 1043 (bound) nil nil ("Issue2751.agda" . 1042)) '(1060 1065 (keyword) t) '(1070 1071 (inductiveconstructor) nil nil ("Issue2751.agda" . 1070)) '(1072 1073 (symbol) t) '(1074 1075 (bound) nil nil ("Issue2751.agda" . 1042)) '(1076 1077 (symbol) t) '(1078 1079 (datatype) nil nil ("Issue2751.agda" . 1039)) '(1080 1081 (bound) nil nil ("Issue2751.agda" . 1042)))
(agda2-highlight-add-annotations 'nil '(79 85 (keyword) t) '(86 87 (module) nil nil ("Issue2751.agda" . 1)) '(88 93 (keyword) t))
(agda2-highlight-add-annotations 'nil '(1 36 (comment) t) '(37 77 (comment) t) '(675 697 (comment) t) '(701 741 (comment) t) '(744 801 (comment) t) '(804 844 (comment) t) '(846 903 (comment) t) '(944 950 (keyword) t) '(1016 1030 (comment) t) '(1083 1097 (comment) t))
(agda2-highlight-add-annotations 'nil '(650 672 (unsolvedconstraint)) '(957 958 (unsolvedmeta)) '(1003 1004 (unsolvedconstraint)) '(1070 1071 (unsolvedconstraint)))
(agda2-status-action "")
(agda2-info-action "*All Goals, Errors*" "_27 : Agda.Primitive.Level [ at Issue2751.agda:44,7-8 ] ———— Errors ———————————————————————————————————————————————— Failed to solve the following constraints: _27 =< Agda.Primitive.lsuc Agda.Primitive.lzero (blocked on _27) a =< _27 (blocked on _27) i =< Issue2751.UnsolvedSizeConstraints.foo t : Size (stuck) " nil)
((last . 1) . (agda2-goals-action '()))
